{"image_url":"new_image_url.jpg","name":"John Doe"}