Score saved: {"Chiefs":"21","Eagles":"14"}
Tracker update: {"numberOfWinningEvents":3,"totalAmountWonPerEvent":33.33}
PropBets update: {"count":3}
UserBets updates: {"amountOfScoreBoardBetsWon":33.33,"number_of_bets_won":4,"amount_won":48.33,"net_amount":8.33,"numberOfScoreBoardBetsWon":2}, {"amountOfScoreBoardBetsWon":33.33,"number_of_bets_won":3,"amount_won":43.33,"net_amount":-6.67,"numberOfScoreBoardBetsWon":2}