Update{fieldName='betters', operator='$set', value=[jane_doe, john_doe]}
