Proposal - Will Kelce propose at the game?:
Yes - jane_doe, john_doe

