com.example.application.data.User[username=john_doe,numberOfBetsMade=5,amountOwing=100.0,numberOfBetsWon=3,amountWon=150.0,netAmount=50.0]
