Document{{betType=Proposal, winningBetValue=Yes}}
