Document{{name=Super Bowl Mvp, question=Who will be the Super Bowl MVP?, choices=[Tom Brady, Patrick Mahomes, Aaron Rodgers, Josh Allen]}}