Document{{isScoreBoardEventsTracker=true, totalAmountOfBets=8, numberOfWinningEvents=0, totalAmountWonPerEvent=0.0}}
