Proposal:
Yes - jane_doe, john_doe

No - jack_doe, jill_doe

