com.example.application.data.Result[betType=Team 1 Score,betValue=100]
