Result saved: {"bet_type":"Coin Toss","winning_bet_value":"Chiefs"}