com.example.application.data.PropBetsSummary[betType=Proposal, betValue=Yes, betters=jane_doe, john_doe]
