Document{{username=john_doe, betType=Team 2 Score, betValue=200}}
Document{{username=john_doe, betType=Team 1 Score, betValue=100}}
