com.example.application.data.UserBet[username=john_doe,betType=Team 1 Score,betValue=100]
com.example.application.data.UserBet[username=jane_doe,betType=Team 2 Score,betValue=75]
