com.example.application.data.UserBet[username=john_doe,betType=Team 1 Score,betValue=100]
