Document{{isScoreBoardEventsTracker=true, totalAmountOfBets=84.0, numberOfWinningEvents=9, totalAmountWonPerEvent=9.33}}
