Exception message: Failed to save results to Supabase