Document{{username=john_doe, numberOfBetsMade=2, amountOwing=4.0, numberOfBetsWon=0, amountWon=0.0, netAmount=-4.0}}
