Document{{betType=Proposal, betValue=Yes, betters=[john_doe]}}
